           -416  -971  607  -924  848  0  0  0  0  0  0  0  0  0  0  0  |  0
maximize   0  0  0  0  0  0  0  0  0  0  0  -1  -1  -1  -1  -1  |  0
--------------------------------------------------------------------------------
subject to 679  -224  400  509  -152  1  0  0  0  0  0  -1  0  0  0  0  |  -827
           -362  -763  -922  -2  593  0  1  0  0  0  0  0  -1  0  0  0  |  -610
           574  973  -14  135  852  0  0  1  0  0  0  0  0  0  0  0  |  40
           -858  774  -636  971  398  0  0  0  1  0  0  0  0  -1  0  0  |  -795
           802  204  563  -586  779  0  0  0  0  1  0  0  0  0  -1  0  |  -816
           339  -905  -630  -984  -621  0  0  0  0  0  1  0  0  0  0  -1  |  -840
entering : 11
leaving :  5
           -416  -971  607  -924  848  0  0  0  0  0  0  0  0  0  0  0  |  0
maximize   -679  224  -400  -509  152  -1  0  0  0  0  0  0  -1  -1  -1  -1  |  827
--------------------------------------------------------------------------------
subject to -679  224  -400  -509  152  -1  0  0  0  0  0  1  0  0  0  0  |  827
           -362  -763  -922  -2  593  0  1  0  0  0  0  0  -1  0  0  0  |  -610
           574  973  -14  135  852  0  0  1  0  0  0  0  0  0  0  0  |  40
           -858  774  -636  971  398  0  0  0  1  0  0  0  0  -1  0  0  |  -795
           802  204  563  -586  779  0  0  0  0  1  0  0  0  0  -1  0  |  -816
           339  -905  -630  -984  -621  0  0  0  0  0  1  0  0  0  0  -1  |  -840

entering : 12
leaving :  6
           -416  -971  607  -924  848  0  0  0  0  0  0  0  0  0  0  0  |  0
maximize   -317  987  522  -507  -441  -1  -1  0  0  0  0  0  0  -1  -1  -1  |  1437
--------------------------------------------------------------------------------
subject to -679  224  -400  -509  152  -1  0  0  0  0  0  1  0  0  0  0  |  827
           362  763  922  2  -593  0  -1  0  0  0  0  0  1  0  0  0  |  610
           574  973  -14  135  852  0  0  1  0  0  0  0  0  0  0  0  |  40
           -858  774  -636  971  398  0  0  0  1  0  0  0  0  -1  0  0  |  -795
           802  204  563  -586  779  0  0  0  0  1  0  0  0  0  -1  0  |  -816
           339  -905  -630  -984  -621  0  0  0  0  0  1  0  0  0  0  -1  |  -840

entering : 13
leaving :  8
           -416  -971  607  -924  848  0  0  0  0  0  0  0  0  0  0  0  |  0
maximize   541  213  1158  -1478  -839  -1  -1  0  -1  0  0  0  0  0  -1  -1  |  2232
--------------------------------------------------------------------------------
subject to -679  224  -400  -509  152  -1  0  0  0  0  0  1  0  0  0  0  |  827
           362  763  922  2  -593  0  -1  0  0  0  0  0  1  0  0  0  |  610
           574  973  -14  135  852  0  0  1  0  0  0  0  0  0  0  0  |  40
           858  -774  636  -971  -398  0  0  0  -1  0  0  0  0  1  0  0  |  795
           802  204  563  -586  779  0  0  0  0  1  0  0  0  0  -1  0  |  -816
           339  -905  -630  -984  -621  0  0  0  0  0  1  0  0  0  0  -1  |  -840

entering : 14
leaving :  9
           -416  -971  607  -924  848  0  0  0  0  0  0  0  0  0  0  0  |  0
maximize   -261  9  595  -892  -1618  -1  -1  0  -1  -1  0  0  0  0  0  -1  |  3048
--------------------------------------------------------------------------------
subject to -679  224  -400  -509  152  -1  0  0  0  0  0  1  0  0  0  0  |  827
           362  763  922  2  -593  0  -1  0  0  0  0  0  1  0  0  0  |  610
           574  973  -14  135  852  0  0  1  0  0  0  0  0  0  0  0  |  40
           858  -774  636  -971  -398  0  0  0  -1  0  0  0  0  1  0  0  |  795
           -802  -204  -563  586  -779  0  0  0  0  -1  0  0  0  0  1  0  |  816
           339  -905  -630  -984  -621  0  0  0  0  0  1  0  0  0  0  -1  |  -840

entering : 15
leaving :  10
           -416  -971  607  -924  848  0  0  0  0  0  0  0  0  0  0  0  |  0
maximize   -600  914  1225  92  -997  -1  -1  0  -1  -1  -1  0  0  0  0  0  |  3888
--------------------------------------------------------------------------------
subject to -679  224  -400  -509  152  -1  0  0  0  0  0  1  0  0  0  0  |  827
           362  763  922  2  -593  0  -1  0  0  0  0  0  1  0  0  0  |  610
           574  973  -14  135  852  0  0  1  0  0  0  0  0  0  0  0  |  40
           858  -774  636  -971  -398  0  0  0  -1  0  0  0  0  1  0  0  |  795
           -802  -204  -563  586  -779  0  0  0  0  -1  0  0  0  0  1  0  |  816
           -339  905  630  984  621  0  0  0  0  0  -1  0  0  0  0  1  |  840

entering : 1
leaving :  7
           21798/139  0  82431/139  -767967/973  1652396/973  0  0  971/973  0  0  0  0  0  0  0  0  |  38840/973
maximize   -158348/139  0  172103/139  -33874/973  -1748809/973  -1  -1  -914/973  -1  -1  -1  0  0  0  0  0  |  3746464/973
--------------------------------------------------------------------------------
subject to -112749/139  0  -55152/139  -75071/139  -6136/139  -1  0  -32/139  0  0  0  1  0  0  0  0  |  113673/139
           -12248/139  0  129684/139  -14437/139  -175295/139  0  -1  -109/139  0  0  0  0  1  0  0  0  |  80430/139
           82/139  1  -2/139  135/973  852/973  0  0  1/973  0  0  0  0  0  0  0  0  |  40/973
           182730/139  0  86856/139  -840293/973  272194/973  0  0  774/973  -1  0  0  0  0  1  0  0  |  804495/973
           -94750/139  0  -78665/139  597718/973  -584159/973  0  0  204/973  0  -1  0  0  0  0  1  0  |  802128/973
           -121331/139  0  89380/139  835257/973  -166827/973  0  0  -905/973  0  0  -1  0  0  0  0  1  |  781120/973

entering : 2
leaving :  12
           2300040/10807  0  0  -218855247/302596  756444887/302596  0  27477/43228  452801/302596  0  0  0  0  -27477/43228  0  0  0  |  -49607375/151298
maximize   -33142598/32421  0  0  93522599/907788  -112309199/907788  -1  42419/129684  91967/907788  -1  -1  -1  0  -172103/129684  0  0  0  |  466379769/151298
--------------------------------------------------------------------------------
subject to -9171009/10807  0  0  -6313991/10807  -6273148/10807  -1  -4596/10807  -6092/10807  0  0  0  1  4596/10807  0  0  0  |  11497269/10807
           -3062/32421  0  1  -14437/129684  -175295/129684  0  -139/129684  -109/129684  0  0  0  0  139/129684  0  0  0  |  13405/21614
           19082/32421  1  0  62249/453894  388621/453894  0  -1/64842  461/453894  0  0  0  0  1/64842  0  0  0  |  3785/75649
           14844706/10807  0  0  -60068931/75649  85058252/75649  0  7238/10807  99908/75649  -1  0  0  0  -7238/10807  1  0  0  |  33231015/75649
           -23832820/32421  0  0  500465143/907788  -1239447079/907788  0  -78665/129684  -241481/907788  0  -1  0  0  78665/129684  0  1  0  |  177832553/151298
           -26330869/32421  0  0  211064968/226947  158345822/226947  0  22345/32421  -88430/226947  0  0  -1  0  -22345/32421  0  0  1  |  30561710/75649

entering : 6
leaving :  15
           85969359/89380  0  0  -989150793/625660  1161459503/625660  0  0  232213/125132  0  0  82431/89380  0  0  0  0  -82431/89380  |  -21912584/31283
maximize   -56918549/89380  0  0  -211696197/625660  -284581613/625660  -1  0  35817/125132  -1  -1  -46961/89380  0  -1  0  0  -42419/89380  |  90432658/31283
--------------------------------------------------------------------------------
subject to -30160347/22345  0  0  -1623791/156415  -23453044/156415  -1  0  -25156/31283  0  0  -13788/22345  1  0  0  0  13788/22345  |  41079489/31283
           -121331/89380  0  1  835257/625660  -166827/625660  0  0  -181/125132  0  0  -139/89380  0  0  0  0  139/89380  |  39056/31283
           25491/44690  1  0  7059/44690  38961/44690  0  0  9/8938  0  0  -1/44690  0  0  0  0  1/44690  |  264/4469
           48328656/22345  0  0  -265561997/156415  69817672/156415  0  0  53160/31283  -1  0  21714/22345  0  0  1  0  -21714/22345  |  1460721/31283
           -25918357/17876  0  0  171409391/125132  -94008025/125132  0  0  -76199/125132  0  -1  -15733/17876  0  0  0  1  15733/17876  |  47892448/31283
           -26330869/22345  0  0  211064968/156415  158345822/156415  0  1  -17686/31283  0  0  -32421/22345  0  -1  0  0  32421/22345  |  18337026/31283

entering : 7
leaving :  13
           -62023673/44300  0  0  290371507/1063200  90965173/66450  0  0  0  232213/212640  0  -24623/177200  0  0  -232213/212640  0  24623/177200  |  -53263117/70880
maximize   -44349757/44300  0  0  -18563179/354400  -11740281/22150  -1  0  0  -58941/70880  -1  -122107/177200  0  -1  -11939/70880  0  -55093/177200  |  204341887/70880
--------------------------------------------------------------------------------
subject to -3613489/11075  0  0  -54077281/66450  2036128/33225  -1  0  0  -6289/13290  0  -1741/11075  1  0  6289/13290  0  1741/11075  |  5915171/4430
           21421/44300  0  1  -117139/1063200  7529/66450  0  0  0  -181/212640  0  -129/177200  0  0  181/212640  0  129/177200  |  91309/70880
           -15753/22150  1  0  206259/177200  6726/11075  0  0  0  21/35440  0  -53/88600  0  0  -21/35440  0  53/88600  |  1113/35440
           14095858/11075  0  0  -265561997/265800  8727209/33225  0  0  1  -31283/53160  0  25333/44300  0  0  31283/53160  0  -25333/44300  |  486907/17720
           -29895801/44300  0  0  809546959/1063200  -39293099/66450  0  0  0  -76199/212640  -1  -94251/177200  0  0  76199/212640  1  94251/177200  |  109699151/70880
           -5081379/11075  0  0  104265643/132900  38569108/33225  0  1  0  -8843/26580  0  -24977/22150  0  -1  8843/26580  0  24977/22150  |  5331067/8860

The problem is UNFEASIBLE
The number of pivots is: 9
The rule used: bland
