maximize   500  450  0  0  0  |  0
--------------------------------------------------------------------------------
subject to 6  5  1  0  0  |  60
           1  2  0  1  0  |  15
           1  0  0  0  1  |  8
entering : 0
leaving :  4
maximize   0  450  0  0  -500  |  -4000
--------------------------------------------------------------------------------
subject to 0  5  1  0  -6  |  12
           0  2  0  1  -1  |  7
           1  0  0  0  1  |  8

entering : 1
leaving :  2
maximize   0  0  -90  0  40  |  -5080
--------------------------------------------------------------------------------
subject to 0  1  1/5  0  -6/5  |  12/5
           0  0  -2/5  1  7/5  |  11/5
           1  0  0  0  1  |  8

entering : 4
leaving :  3
maximize   0  0  -550/7  -200/7  0  |  -36000/7
--------------------------------------------------------------------------------
subject to 0  1  -1/7  6/7  0  |  30/7
           0  0  -2/7  5/7  1  |  11/7
           1  0  2/7  -5/7  0  |  45/7

The problem is FEASIBLE and BOUNDED
One solution is x = { 45/7, 30/7 }
The objective value for this solution is: 36000/7
The number of pivots is: 3
The rule used: bland
