maximize   1  2  0  0  0  |  0
--------------------------------------------------------------------------------
subject to 1  0  1  0  0  |  5
           0  1  0  1  0  |  5
           1  1  0  0  1  |  10
entering : 0
leaving :  2
maximize   0  2  -1  0  0  |  -5
--------------------------------------------------------------------------------
subject to 1  0  1  0  0  |  5
           0  1  0  1  0  |  5
           0  1  -1  0  1  |  5

entering : 1
leaving :  3
maximize   0  0  -1  -2  0  |  -15
--------------------------------------------------------------------------------
subject to 1  0  1  0  0  |  5
           0  1  0  1  0  |  5
           0  0  -1  -1  1  |  0

The problem is FEASIBLE and BOUNDED
One solution is x = { 5, 5 }
The objective value for this solution is: 15
The number of pivots is: 2
The rule used: bland
