           139  500  -607  184  959  0  0  0  0  0  0  0  0  |  0
maximize   0  0  0  0  0  0  0  0  0  0  0  0  -1  |  0
--------------------------------------------------------------------------------
subject to 217  619  -475  745  31  1  0  0  0  0  0  0  0  |  473
           238  810  -403  305  -438  0  1  0  0  0  0  0  0  |  950
           48  -567  376  -185  -232  0  0  1  0  0  0  0  0  |  704
           -340  -8  -219  -75  941  0  0  0  1  0  0  0  -1  |  -657
           -25  62  -694  46  277  0  0  0  0  1  0  0  0  |  927
           -521  -98  707  441  488  0  0  0  0  0  1  0  0  |  94
           30  589  861  -902  -518  0  0  0  0  0  0  1  0  |  130
entering : 12
leaving :  8
           139  500  -607  184  959  0  0  0  0  0  0  0  0  |  0
maximize   340  8  219  75  -941  0  0  0  -1  0  0  0  0  |  657
--------------------------------------------------------------------------------
subject to 217  619  -475  745  31  1  0  0  0  0  0  0  0  |  473
           238  810  -403  305  -438  0  1  0  0  0  0  0  0  |  950
           48  -567  376  -185  -232  0  0  1  0  0  0  0  0  |  704
           340  8  219  75  -941  0  0  0  -1  0  0  0  1  |  657
           -25  62  -694  46  277  0  0  0  0  1  0  0  0  |  927
           -521  -98  707  441  488  0  0  0  0  0  1  0  0  |  94
           30  589  861  -902  -518  0  0  0  0  0  0  1  0  |  130

entering : 0
leaving :  12
           0  42222/85  -236821/340  10427/68  456859/340  0  0  0  139/340  0  0  0  -139/340  |  -91323/340
maximize   0  0  0  0  0  0  0  0  0  0  0  0  -1  |  0
--------------------------------------------------------------------------------
subject to 0  52181/85  -209023/340  47405/68  214737/340  1  0  0  217/340  0  0  0  -217/340  |  18251/340
           0  4022/5  -5563/10  505/2  2207/10  0  1  0  7/10  0  0  0  -7/10  |  4901/10
           0  -48291/85  29332/85  -3325/17  -8428/85  0  0  1  12/85  0  0  0  -12/85  |  51956/85
           1  2/85  219/340  15/68  -941/340  0  0  0  -1/340  0  0  0  1/340  |  657/340
           0  1064/17  -46097/68  3503/68  14131/68  0  0  0  -5/68  1  0  0  5/68  |  66321/68
           0  -7288/85  354479/340  37803/68  -324341/340  0  0  0  -521/340  0  1  0  521/340  |  374257/340
           0  10001/17  28617/34  -30893/34  -14789/34  0  0  0  3/34  0  0  1  -3/34  |  2449/34

entering : 8
leaving :  5
maximize   0  22459/217  -65694/217  -63627/217  6574/7  -139/217  0  0  0  0  0  0  0  |  -65747/217
--------------------------------------------------------------------------------
subject to 0  208724/217  -209023/217  237025/217  6927/7  340/217  0  0  1  0  0  0  -1  |  18251/217
           0  4064/31  3657/31  -15875/31  -472  -34/31  1  0  0  0  0  0  0  |  13368/31
           0  -152751/217  104392/217  -75905/217  -1672/7  -48/217  0  1  0  0  0  0  0  |  130064/217
           1  619/217  -475/217  745/217  1/7  1/217  0  0  0  0  0  0  0  |  473/217
           0  28929/217  -162473/217  28607/217  1964/7  25/217  0  0  0  1  0  0  0  |  212984/217
           0  301233/217  -94056/217  483842/217  3937/7  521/217  0  0  0  0  1  0  0  |  266831/217
           0  109243/217  201087/217  -218084/217  -3656/7  -30/217  0  0  0  0  0  1  0  |  14020/217

entering : 1
leaving :  8
maximize   0  0  -41555147/208724  -85731919/208724  173796869/208724  -42222/52181  0  0  -22459/208724  0  0  0  22459/208724  |  -65128461/208724
--------------------------------------------------------------------------------
subject to 0  1  -209023/208724  237025/208724  214737/208724  85/52181  0  0  217/208724  0  0  0  -217/208724  |  18251/208724
           0  0  13006235/52181  -34490025/52181  -31667264/52181  -68374/52181  1  0  -7112/52181  0  0  0  7112/52181  |  21903632/52181
           0  0  -46725145/208724  93836915/208724  101302807/208724  48291/52181  0  1  152751/208724  0  0  0  -152751/208724  |  137950861/208724
           1  0  139361/208724  40465/208724  -582727/208724  -2/52181  0  0  -619/208724  0  0  0  619/208724  |  402899/208724
           0  0  -128411005/208724  -4082621/208724  29934679/208724  -5320/52181  0  0  -28929/208724  1  0  0  28929/208724  |  202428061/208724
           0  0  199690695/208724  136357999/208724  -180699229/208724  7288/52181  0  0  -301233/208724  0  1  0  301233/208724  |  231319033/208724
           0  0  298645081/208724  -329090723/208724  -217117315/208724  -50005/52181  0  0  -109243/208724  0  0  1  109243/208724  |  4297311/208724

entering : 4
leaving :  1
maximize   0  -173796869/214737  131293552/214737  -285563797/214737  0  -456859/214737  0  0  -6574/6927  0  0  0  6574/6927  |  -82201649/214737
--------------------------------------------------------------------------------
subject to 0  208724/214737  -209023/214737  237025/214737  1  340/214737  0  0  7/6927  0  0  0  -7/6927  |  18251/214737
           0  126669056/214737  -73326817/214737  1909675/214737  0  -75038/214737  1  0  3304/6927  0  0  0  -3304/6927  |  101214608/214737
           0  -101302807/214737  53376704/214737  -18498305/214737  0  33712/214737  0  1  1672/6927  0  0  0  -1672/6927  |  133067000/214737
           1  582727/214737  -440186/214737  703370/214737  0  941/214737  0  0  -1/6927  0  0  0  1/6927  |  465460/214737
           0  -29934679/214737  -102132757/214737  -38193773/214737  0  -70655/214737  0  0  -1964/6927  1  0  0  1964/6927  |  205642172/214737
           0  180699229/214737  24485377/214737  345486587/214737  0  324341/214737  0  0  -3937/6927  0  1  0  3937/6927  |  253783450/214737
           0  217117315/214737  89820223/214737  -92014924/214737  0  147890/214737  0  0  3656/6927  0  0  1  -3656/6927  |  23406028/214737

entering : 2
leaving :  11
maximize   0  -205444692891/89820223  0  -63186305659/89820223  0  -281517301/89820223  0  0  -154538382/89820223  0  0  -131293552/89820223  154538382/89820223  |  -48694128159/89820223
--------------------------------------------------------------------------------
subject to 0  298645081/89820223  0  9576379/89820223  1  286170/89820223  0  0  201087/89820223  0  0  209023/89820223  -201087/89820223  |  30417241/89820223
           0  127122780339/89820223  0  -30621802759/89820223  0  19113488/89820223  1  0  81543072/89820223  0  0  73326817/89820223  -81543072/89820223  |  50328579580/89820223
           0  -96341326233/89820223  0  15134473713/89820223  0  -22659632/89820223  0  1  -6491384/89820223  0  0  -53376704/89820223  6491384/89820223  |  49841298824/89820223
           1  688808503/89820223  0  105585758/89820223  0  696759/89820223  0  0  219359/89820223  0  0  440186/89820223  -219359/89820223  |  242672324/89820223
           0  90743795574/89820223  0  -59739640031/89820223  0  40785545/89820223  0  0  28438060/89820223  1  0  102132757/89820223  -28438060/89820223  |  97148362496/89820223
           0  50826106976/89820223  0  155002176577/89820223  0  118802249/89820223  0  0  -63972969/89820223  0  1  -24485377/89820223  63972969/89820223  |  103483706362/89820223
           0  217117315/89820223  1  -92014924/89820223  0  147890/89820223  0  0  113336/89820223  0  0  214737/89820223  -113336/89820223  |  23406028/89820223

The problem is FEASIBLE and BOUNDED
One solution is x = { 242672324/89820223, 0, 23406028/89820223, 0, 30417241/89820223 }
The objective value for this solution is: 48694128159/89820223
The number of pivots is: 6
The rule used: bland
