           893  287  671  -68  623  0  0  0  0  0  0  0  0  0  0  0  0  0  |  0
maximize   0  0  0  0  0  0  0  0  0  0  0  0  0  -1  -1  -1  -1  -1  |  0
--------------------------------------------------------------------------------
subject to 390  -630  48  230  932  1  0  0  0  0  0  0  0  -1  0  0  0  0  |  -521
           -120  781  478  478  -918  0  1  0  0  0  0  0  0  0  -1  0  0  0  |  -957
           524  -377  74  -168  876  0  0  1  0  0  0  0  0  0  0  0  0  0  |  447
           283  -614  -939  -79  211  0  0  0  1  0  0  0  0  0  0  -1  0  0  |  -857
           -283  994  -399  -299  -253  0  0  0  0  1  0  0  0  0  0  0  -1  0  |  -219
           -723  36  46  -511  -214  0  0  0  0  0  1  0  0  0  0  0  0  0  |  951
           -960  -997  8  -767  -519  0  0  0  0  0  0  1  0  0  0  0  0  0  |  745
           410  -231  -362  462  171  0  0  0  0  0  0  0  1  0  0  0  0  -1  |  -586
entering : 13
leaving :  5
           893  287  671  -68  623  0  0  0  0  0  0  0  0  0  0  0  0  0  |  0
maximize   -390  630  -48  -230  -932  -1  0  0  0  0  0  0  0  0  -1  -1  -1  -1  |  521
--------------------------------------------------------------------------------
subject to -390  630  -48  -230  -932  -1  0  0  0  0  0  0  0  1  0  0  0  0  |  521
           -120  781  478  478  -918  0  1  0  0  0  0  0  0  0  -1  0  0  0  |  -957
           524  -377  74  -168  876  0  0  1  0  0  0  0  0  0  0  0  0  0  |  447
           283  -614  -939  -79  211  0  0  0  1  0  0  0  0  0  0  -1  0  0  |  -857
           -283  994  -399  -299  -253  0  0  0  0  1  0  0  0  0  0  0  -1  0  |  -219
           -723  36  46  -511  -214  0  0  0  0  0  1  0  0  0  0  0  0  0  |  951
           -960  -997  8  -767  -519  0  0  0  0  0  0  1  0  0  0  0  0  0  |  745
           410  -231  -362  462  171  0  0  0  0  0  0  0  1  0  0  0  0  -1  |  -586

entering : 14
leaving :  6
           893  287  671  -68  623  0  0  0  0  0  0  0  0  0  0  0  0  0  |  0
maximize   -270  -151  -526  -708  -14  -1  -1  0  0  0  0  0  0  0  0  -1  -1  -1  |  1478
--------------------------------------------------------------------------------
subject to -390  630  -48  -230  -932  -1  0  0  0  0  0  0  0  1  0  0  0  0  |  521
           120  -781  -478  -478  918  0  -1  0  0  0  0  0  0  0  1  0  0  0  |  957
           524  -377  74  -168  876  0  0  1  0  0  0  0  0  0  0  0  0  0  |  447
           283  -614  -939  -79  211  0  0  0  1  0  0  0  0  0  0  -1  0  0  |  -857
           -283  994  -399  -299  -253  0  0  0  0  1  0  0  0  0  0  0  -1  0  |  -219
           -723  36  46  -511  -214  0  0  0  0  0  1  0  0  0  0  0  0  0  |  951
           -960  -997  8  -767  -519  0  0  0  0  0  0  1  0  0  0  0  0  0  |  745
           410  -231  -362  462  171  0  0  0  0  0  0  0  1  0  0  0  0  -1  |  -586

entering : 15
leaving :  8
           893  287  671  -68  623  0  0  0  0  0  0  0  0  0  0  0  0  0  |  0
maximize   -553  463  413  -629  -225  -1  -1  0  -1  0  0  0  0  0  0  0  -1  -1  |  2335
--------------------------------------------------------------------------------
subject to -390  630  -48  -230  -932  -1  0  0  0  0  0  0  0  1  0  0  0  0  |  521
           120  -781  -478  -478  918  0  -1  0  0  0  0  0  0  0  1  0  0  0  |  957
           524  -377  74  -168  876  0  0  1  0  0  0  0  0  0  0  0  0  0  |  447
           -283  614  939  79  -211  0  0  0  -1  0  0  0  0  0  0  1  0  0  |  857
           -283  994  -399  -299  -253  0  0  0  0  1  0  0  0  0  0  0  -1  0  |  -219
           -723  36  46  -511  -214  0  0  0  0  0  1  0  0  0  0  0  0  0  |  951
           -960  -997  8  -767  -519  0  0  0  0  0  0  1  0  0  0  0  0  0  |  745
           410  -231  -362  462  171  0  0  0  0  0  0  0  1  0  0  0  0  -1  |  -586

entering : 16
leaving :  9
           893  287  671  -68  623  0  0  0  0  0  0  0  0  0  0  0  0  0  |  0
maximize   -270  -531  812  -330  28  -1  -1  0  -1  -1  0  0  0  0  0  0  0  -1  |  2554
--------------------------------------------------------------------------------
subject to -390  630  -48  -230  -932  -1  0  0  0  0  0  0  0  1  0  0  0  0  |  521
           120  -781  -478  -478  918  0  -1  0  0  0  0  0  0  0  1  0  0  0  |  957
           524  -377  74  -168  876  0  0  1  0  0  0  0  0  0  0  0  0  0  |  447
           -283  614  939  79  -211  0  0  0  -1  0  0  0  0  0  0  1  0  0  |  857
           283  -994  399  299  253  0  0  0  0  -1  0  0  0  0  0  0  1  0  |  219
           -723  36  46  -511  -214  0  0  0  0  0  1  0  0  0  0  0  0  0  |  951
           -960  -997  8  -767  -519  0  0  0  0  0  0  1  0  0  0  0  0  0  |  745
           410  -231  -362  462  171  0  0  0  0  0  0  0  1  0  0  0  0  -1  |  -586

entering : 17
leaving :  12
           893  287  671  -68  623  0  0  0  0  0  0  0  0  0  0  0  0  0  |  0
maximize   -680  -300  1174  -792  -143  -1  -1  0  -1  -1  0  0  -1  0  0  0  0  0  |  3140
--------------------------------------------------------------------------------
subject to -390  630  -48  -230  -932  -1  0  0  0  0  0  0  0  1  0  0  0  0  |  521
           120  -781  -478  -478  918  0  -1  0  0  0  0  0  0  0  1  0  0  0  |  957
           524  -377  74  -168  876  0  0  1  0  0  0  0  0  0  0  0  0  0  |  447
           -283  614  939  79  -211  0  0  0  -1  0  0  0  0  0  0  1  0  0  |  857
           283  -994  399  299  253  0  0  0  0  -1  0  0  0  0  0  0  1  0  |  219
           -723  36  46  -511  -214  0  0  0  0  0  1  0  0  0  0  0  0  0  |  951
           -960  -997  8  -767  -519  0  0  0  0  0  0  1  0  0  0  0  0  0  |  745
           -410  231  362  -462  -171  0  0  0  0  0  0  0  -1  0  0  0  0  1  |  586

entering : 2
leaving :  16
           166414/399  111641/57  0  -227761/399  78814/399  0  0  0  0  671/399  0  0  0  0  0  0  -671/399  0  |  -48983/133
maximize   -603562/399  149608/57  0  -667034/399  -354079/399  -1  -1  0  -1  775/399  0  0  -1  0  0  0  -1174/399  0  |  331918/133
--------------------------------------------------------------------------------
subject to -47342/133  9698/19  0  -25806/133  -119908/133  -1  0  0  0  -16/133  0  0  0  1  0  0  16/133  0  |  72797/133
           183154/399  -112393/57  0  -47800/399  487216/399  0  -1  0  0  -478/399  0  0  0  0  1  0  478/399  0  |  162175/133
           188134/399  -10981/57  0  -89158/399  330802/399  0  0  1  0  74/399  0  0  0  0  0  0  -74/399  0  |  54049/133
           -126218/133  56112/19  0  -83080/133  -107252/133  0  0  0  -1  313/133  0  0  0  0  0  1  -313/133  0  |  45434/133
           283/399  -142/57  1  299/399  253/399  0  0  0  0  -1/399  0  0  0  0  0  0  1/399  0  |  73/133
           -301495/399  8584/57  0  -217643/399  -97024/399  0  0  0  0  46/399  1  0  0  0  0  0  -46/399  0  |  123125/133
           -385304/399  -55693/57  0  -308425/399  -209105/399  0  0  0  0  8/399  0  1  0  0  0  0  -8/399  0  |  98501/133
           -266036/399  64571/57  0  -292576/399  -159815/399  0  0  0  0  362/399  0  0  -1  0  0  0  -362/399  1  |  51512/133

entering : 9
leaving :  15
           1028420/939  -142501/939  0  -116861/939  726578/939  0  0  0  671/939  0  0  0  0  0  0  -671/939  0  0  |  -575047/939
maximize   -684932/939  175816/939  0  -1085674/939  -208319/939  -1  -1  0  -164/939  0  0  0  -1  0  0  -775/939  -1  0  |  2078644/939
--------------------------------------------------------------------------------
subject to -126598/313  207014/313  0  -70726/313  -295092/313  -1  0  0  -16/313  0  0  0  0  1  0  16/313  0  0  |  176785/313
           -22594/939  -439867/939  0  -411080/939  761144/939  0  -1  0  -478/939  0  0  0  0  0  1  478/939  0  0  |  1308269/939
           512978/939  -399439/939  0  -163598/939  838178/939  0  0  1  74/939  0  0  0  0  0  0  -74/939  0  0  |  356315/939
           -126218/313  392784/313  0  -83080/313  -107252/313  0  0  0  -133/313  1  0  0  0  0  0  133/313  -1  0  |  45434/313
           -283/939  614/939  1  79/939  -211/939  0  0  0  -1/939  0  0  0  0  0  0  1/939  0  0  |  857/939
           -665879/939  5560/939  0  -483463/939  -191240/939  0  0  0  46/939  0  1  0  0  0  0  -46/939  0  0  |  853567/939
           -899176/939  -941095/939  0  -720845/939  -485653/939  0  0  0  8/939  0  0  1  0  0  0  -8/939  0  0  |  692699/939
           -282544/939  -5359/939  0  -462416/939  -84187/939  0  0  0  362/939  0  0  0  -1  0  0  -362/939  0  1  |  240020/939

entering : 1
leaving :  9
           616550687/589176  0  0  -23059151/147294  215738575/294588  0  0  0  111641/168336  142501/1178352  0  0  0  0  0  -111641/168336  -142501/1178352  0  |  -350471039/589176
maximize   -49288975/73647  0  0  -82234142/73647  -12573433/73647  -1  -1  0  -2341/21042  -21977/147294  0  0  -1  0  0  -18701/21042  -125317/147294  0  |  161435719/73647
--------------------------------------------------------------------------------
subject to -18847265/98196  0  0  -2112883/24549  -37422025/49098  -1  0  0  4849/28056  -103507/196392  0  0  0  1  0  -4849/28056  103507/196392  0  |  47949557/98196
           -102865327/589176  0  0  -79077395/147294  201109081/294588  0  -1  0  -112393/168336  439867/1178352  0  0  0  0  1  112393/168336  -439867/1178352  0  |  852798799/589176
           241330925/589176  0  0  -38915363/147294  228739837/294588  0  0  1  -10981/168336  399439/1178352  0  0  0  0  0  10981/168336  -399439/1178352  0  |  252560611/589176
           -63109/196392  1  0  -10385/49098  -26813/98196  0  0  0  -19/56112  313/392784  0  0  0  0  0  19/56112  -313/392784  0  |  22717/196392
           -26885/294588  0  1  16382/73647  -6799/147294  0  0  0  -71/84168  -307/589176  0  0  0  0  0  71/84168  307/589176  0  |  246581/294588
           -52085632/73647  0  0  -37826399/73647  -14880130/73647  0  0  0  1073/21042  -695/147294  1  0  0  0  0  -1073/21042  695/147294  0  |  66895936/73647
           -753937819/589176  0  0  -144298145/147294  -232980071/294588  0  0  0  -55693/168336  941095/1178352  0  1  0  0  0  55693/168336  -941095/1178352  0  |  502937371/589176
           -178362883/589176  0  0  -72713591/147294  -26870663/294588  0  0  0  64571/168336  5359/1178352  0  0  -1  0  0  -64571/168336  -5359/1178352  1  |  150989611/589176

The problem is UNFEASIBLE
The number of pivots is: 8
The rule used: bland
