maximize   5  4  3  0  0  0  |  0
--------------------------------------------------------------------------------
subject to 2  3  1  1  0  0  |  5
           4  1  2  0  1  0  |  11
           3  4  2  0  0  1  |  8
entering : 0
leaving :  3
maximize   0  -7/2  1/2  -5/2  0  0  |  -25/2
--------------------------------------------------------------------------------
subject to 1  3/2  1/2  1/2  0  0  |  5/2
           0  -5  0  -2  1  0  |  1
           0  -1/2  1/2  -3/2  0  1  |  1/2

entering : 2
leaving :  5
maximize   0  -3  0  -1  0  -1  |  -13
--------------------------------------------------------------------------------
subject to 1  2  0  2  0  -1  |  2
           0  -5  0  -2  1  0  |  1
           0  -1  1  -3  0  2  |  1

The problem is FEASIBLE and BOUNDED
One solution is x = { 2, 0, 1 }
The objective value for this solution is: 13
The number of pivots is: 2
The rule used: bland
