           1  -1  0  0  0  0  |  0
maximize   0  0  0  0  -1  -1  |  0
--------------------------------------------------------------------------------
subject to -1  0  1  0  -1  0  |  -5
           0  -1  0  1  0  -1  |  -5
entering : 4
leaving :  2
           1  -1  0  0  0  0  |  0
maximize   1  0  -1  0  0  -1  |  5
--------------------------------------------------------------------------------
subject to 1  0  -1  0  1  0  |  5
           0  -1  0  1  0  -1  |  -5

entering : 5
leaving :  3
           1  -1  0  0  0  0  |  0
maximize   1  1  -1  -1  0  0  |  10
--------------------------------------------------------------------------------
subject to 1  0  -1  0  1  0  |  5
           0  1  0  -1  0  1  |  5

entering : 0
leaving :  4
           0  -1  1  0  -1  0  |  -5
maximize   0  1  0  -1  -1  0  |  5
--------------------------------------------------------------------------------
subject to 1  0  -1  0  1  0  |  5
           0  1  0  -1  0  1  |  5

entering : 1
leaving :  5
           0  0  1  -1  -1  1  |  0
maximize   0  0  0  0  -1  -1  |  0
--------------------------------------------------------------------------------
subject to 1  0  -1  0  1  0  |  5
           0  1  0  -1  0  1  |  5

The problem is FEASIBLE and UNBOUNDED
The number of pivots is: 4
The rule used: bland
